
> client@0.0.0 build
> vite build

[36mvite v7.3.0 [32mbuilding client environment for production...[36m[39m
transforming...
[32m✓[39m 28 modules transformed.
[31m✗[39m Build failed in 273ms
[31merror during build:
[31m[vite:esbuild] Transform failed with 1 error:
C:/Users/rimon/Code/projects 2.0/task-manager/client/src/pages/Dashboard.jsx:23:2: ERROR: Unexpected "return"[31m
file: [36mC:/Users/rimon/Code/projects 2.0/task-manager/client/src/pages/Dashboard.jsx:23:2[31m
[33m
[33mUnexpected "return"[33m
21 |  
22 |    return (
23 |    return (
   |    ^
24 |      <div className="h-full">
25 |        {/* Mobile Header would go here */}
[31m
    at failureErrorWithLog (C:\Users\rimon\Code\projects 2.0\task-manager\client\node_modules\esbuild\lib\main.js:1467:15)
    at C:\Users\rimon\Code\projects 2.0\task-manager\client\node_modules\esbuild\lib\main.js:736:50
    at responseCallbacks.<computed> (C:\Users\rimon\Code\projects 2.0\task-manager\client\node_modules\esbuild\lib\main.js:603:9)
    at handleIncomingPacket (C:\Users\rimon\Code\projects 2.0\task-manager\client\node_modules\esbuild\lib\main.js:658:12)
    at Socket.readFromStdout (C:\Users\rimon\Code\projects 2.0\task-manager\client\node_modules\esbuild\lib\main.js:581:7)
    at Socket.emit (node:events:508:28)
    at addChunk (node:internal/streams/readable:559:12)
    at readableAddChunkPushByteMode (node:internal/streams/readable:510:3)
    at Readable.push (node:internal/streams/readable:390:5)
    at Pipe.onStreamRead (node:internal/stream_base_commons:189:23)[39m
